2026-07-29T20:35:04 advance-nolog  reason=open-tab had=None @ reading.py:169 <- app.py:359
2026-07-29T20:35:40 advance-nolog  reason=open-tab had=None @ reading.py:169 <- app.py:359
2026-07-29T20:35:40 READ-COUNTED   id=57007 chars=13 source=tanaka reason=next-button @ reading.py:312 <- reading.py:387
2026-07-29T20:35:41 advance-nolog  reason=dial had=None @ reading.py:184 <- smoke_ui.py:842
2026-07-29T20:35:41 advance-nolog  reason=dial had=None @ reading.py:184 <- smoke_ui.py:846
2026-07-29T20:35:41 advance-nolog  reason=learn-word had=None @ reading.py:205 <- reading.py:191
2026-07-29T20:35:42 advance-nolog  reason=learn-word had=None @ reading.py:205 <- reading.py:191
2026-07-29T20:35:43 advance-nolog  reason=learn-word had=None @ reading.py:205 <- reading.py:198
2026-07-29T20:35:43 advance-nolog  reason=learn-word had=None @ reading.py:205 <- reading.py:198
2026-07-29T20:35:44 advance-nolog  reason=learn-word had=None @ reading.py:205 <- reading.py:198
2026-07-29T20:39:42 advance-nolog  reason=open-tab had=None @ reading.py:320 <- reading.py:169
2026-07-29T20:40:15 advance-nolog  reason=open-tab had=None @ reading.py:320 <- reading.py:169
2026-07-29T20:40:16 READ-COUNTED   id=20368 chars=16 source=tanaka reason=next-button @ stats.py:385 <- reading.py:312
2026-07-29T20:40:16 advance-nolog  reason=dial had=None @ reading.py:320 <- reading.py:184
2026-07-29T20:40:16 advance-nolog  reason=dial had=None @ reading.py:320 <- reading.py:184
2026-07-29T20:40:17 advance-nolog  reason=learn-word had=None @ reading.py:320 <- reading.py:205
2026-07-29T20:40:17 advance-nolog  reason=learn-word had=None @ reading.py:320 <- reading.py:205
2026-07-29T20:40:18 advance-nolog  reason=learn-word had=None @ reading.py:320 <- reading.py:205
2026-07-29T20:40:18 advance-nolog  reason=learn-word had=None @ reading.py:320 <- reading.py:205
2026-07-29T20:40:19 advance-nolog  reason=learn-word had=None @ reading.py:320 <- reading.py:205
